// Jest Snapshot v1, https://goo.gl/fbAQLP

exports[`renders correctly 1`] = `
<RNGestureHandlerButton
  activeOpacity={0.8}
  collapsable={false}
  onActiveStateChange={[Function]}
  onGestureEvent={[Function]}
  onGestureHandlerEvent={[Function]}
  onGestureHandlerStateChange={[Function]}
  onHandlerStateChange={[Function]}
  onPress={[Function]}
  style={Object {}}
  underlayColor="black"
>
  <View
    collapsable={false}
    style={
      Object {
        "backgroundColor": "black",
        "borderBottomLeftRadius": undefined,
        "borderBottomRightRadius": undefined,
        "borderRadius": undefined,
        "borderTopLeftRadius": undefined,
        "borderTopRightRadius": undefined,
        "bottom": 0,
        "left": 0,
        "opacity": 0,
        "position": "absolute",
        "right": 0,
        "top": 0,
      }
    }
  />
  <View
    style={
      Array [
        Object {
          "backgroundColor": "#FFF",
          "borderRadius": 10,
          "elevation": 5,
          "height": 120,
          "justifyContent": "space-around",
          "marginBottom": 7,
          "marginLeft": 7,
          "marginRight": 7,
          "marginTop": 7,
          "width": 350,
        },
      ]
    }
  >
    <View
      style={
        Array [
          Object {
            "alignItems": "center",
            "backgroundColor": "#0050F0",
            "borderRadius": 10,
            "height": 80,
            "justifyContent": "center",
            "marginBottom": 20,
            "marginTop": 8,
          },
        ]
      }
    >
      <Text
        style={
          Array [
            Object {
              "color": "#FFF",
              "fontSize": 18,
              "fontWeight": "400",
              "marginLeft": 10,
            },
          ]
        }
      >
        
      </Text>
    </View>
    <View
      style={
        Array [
          Object {
            "flexDirection": "row",
            "marginBottom": 20,
          },
        ]
      }
    >
      <Text
        style={
          Array [
            Object {
              "color": "#121313",
              "fontSize": 16,
              "fontWeight": "400",
              "marginLeft": 10,
              "marginTop": 10,
            },
          ]
        }
      >
        
      </Text>
      <Text
        style={
          Array [
            Object {
              "color": "#121313",
              "fontSize": 16,
              "fontWeight": "400",
              "marginLeft": 190,
              "marginTop": 10,
            },
          ]
        }
      >
        <Text
          style={
            Array [
              Object {
                "color": "red",
              },
            ]
          }
        >
          
           ðŸ‡ºðŸ‡¸
        </Text>
      </Text>
    </View>
  </View>
  <Modal
    hardwareAccelerated={false}
    style={
      Array [
        Object {
          "flexBasis": 0,
          "flexGrow": 1,
          "flexShrink": 1,
        },
      ]
    }
    visible={false}
  />
</RNGestureHandlerButton>
`;
