// Jest Snapshot v1, https://goo.gl/fbAQLP

exports[`renders correctly 1`] = `
<Image
  source={
    Object {
      "testUri": "../../../src/components/SanarProfile/profile.png",
    }
  }
  style={
    Array [
      Object {
        "height": 94,
        "width": 94,
      },
    ]
  }
/>
`;
