// Jest Snapshot v1, https://goo.gl/fbAQLP

exports[`renders correctly 1`] = `
<Image
  source={
    Object {
      "testUri": "../../../src/components/SanarLogo/SanarLogo/logo-sanar.png",
    }
  }
  style={
    Array [
      Object {
        "height": 45,
        "width": 152,
      },
    ]
  }
/>
`;
