// Jest Snapshot v1, https://goo.gl/fbAQLP

exports[`renders correctly 1`] = `
<Image
  source={
    Object {
      "testUri": "../../../src/components/SanarLogo/LogosImage/logo-sanar.png",
    }
  }
  style={
    Object {
      "height": 45,
      "width": 152,
    }
  }
/>
`;
