// Jest Snapshot v1, https://goo.gl/fbAQLP

exports[`renders correctly 1`] = `
<RCTSafeAreaView
  emulateUnlessSupported={true}
  style={
    Object {
      "backgroundColor": "blue",
      "flex": 1,
    }
  }
>
  <Text>
    Ola
  </Text>
</RCTSafeAreaView>
`;
