// Jest Snapshot v1, https://goo.gl/fbAQLP

exports[`renders correctly 1`] = `
<Image
  source={
    Object {
      "testUri": "../../../src/components/SanarLogo/Illustration/illustration.png",
    }
  }
  style={
    Array [
      Object {
        "height": 202,
        "width": 360,
      },
    ]
  }
/>
`;
